Material head: 2bc9e2216a52e55fff987e24859b8556eed6baf6
Base develop: 6878d1500dc07e39e2da0f29ab2a479e8b182782
Observation mode: connector-native immutable Git blobs + focused test-source correlation

Immutable source blobs observed on material head:
- apps/web/src/App.tsx blob bc7b0bfecff9f052943aa513f4242dc893206de0
- apps/web/src/components/student/StudentProfileReviewEntry.tsx blob ace26a2f587d846404435639acb10f670317ee22
- apps/web/src/components/student/StudentProfileReviewEntry.test.tsx blob 87d4208e88ea570996ee749e1d7c59a2a6749db5
- apps/web/src/services/student-self.service.ts blob 3662dd71bb370d167502b0a00c17e1e9458a001e
- apps/web/src/services/student-self.service.test.ts blob 98694b25d8051b9b2102939e783ca3fb69123005
- apps/web/src/pages/StudentProfileReview.tsx blob 0c6b976cd0b564edbd2ab12291496af59ecee9ba
- apps/web/src/pages/Home.behavior.test.tsx blob a835b9dfa653795d12492ef93ba617ef89c558b6

NC-342-001 literal: PASS - Home entry reads getSummary(contractId) and renders CTA only when summary.hasPendingProfileReview=true.
NC-342-001 sibling-no-pending: PASS - focused test asserts no CTA and no profile-review/notifications calls when hasPendingProfileReview=false.
NC-342-001 sibling-summary-source: PASS - entry source explicitly treats summary as Home state source while dedicated route revalidates the review.

NC-342-002 literal: PASS - /student/profile-review is nested under ProtectedRoute and StudentProfileReviewRoute rejects non-aluno users to /inicio.
NC-342-002 sibling-unauthenticated: PASS - StudentProfileReviewRoute redirects unauthenticated users to /login.
NC-342-002 sibling-out-of-scope-action: PASS - StudentProfileReview page exposes no complete/send action; implementation remains read-only.

NC-342-003 literal: PASS - actionable notification links use STUDENT_PROFILE_REVIEW_ROUTE and never use data.deepLink as browser href.
NC-342-003 sibling-old-review: PASS - notificationBelongsToReview rejects reviewId different from current review.id.
NC-342-003 sibling-unrelated-type: PASS - isProfileReviewNotification accepts only requested/reminder/overdue; focused test rejects workout_available.

NC-342-004 literal: PASS - contractId is preserved in route query and sent as x-contract-id for summary/profile-review/notifications.
NC-342-004 sibling-blank-context: PASS - getStudentContractId trims blank contractId to undefined rather than fabricating a tenant.
NC-342-004 sibling-review-isolation: PASS - notification from another reviewId is excluded even when alunoId is the same.

NC-342-005 literal: PASS - 500 summary failure renders recoverable error and retry executes getSummary again.
NC-342-005 sibling-contract-required: PASS - 409 renders explicit vínculo selection guidance without review CTA.
NC-342-005 sibling-empty: PASS - no pending review renders neutral empty state without error or CTA.

NC-342-006 literal: PASS - pending card uses flex-col -> sm:flex-row and CTA w-full -> sm:w-auto.
NC-342-006 sibling-notification-grid: PASS - notification cards use grid gap with md:grid-cols-2.
NC-342-006 sibling-page-width: PASS - dedicated page constrains content with mx-auto w-full max-w-3xl and responsive detail grid.

NC-342-007 literal: PASS - focused entry tests cover pending, empty, error/retry and contract-required states.
NC-342-007 sibling-professor-regression: PASS - Home.behavior keeps professor shortcuts and does not invoke pre-registration flow.
NC-342-007 sibling-active-student-regression: PASS - ACTIVE_STUDENT continues to use student pending-home branch and does not show pre-registration process.

NC-342-008 literal: PASS - client uses only /student/me/summary, /student/me/notifications and /student/me/profile-review.
NC-342-008 sibling-existing-home: PASS - /inicio remains the Home route and student review entry is integrated into that existing Home.
NC-342-008 sibling-no-new-backend: PASS - material delta for the feature adds web client/page/tests only; no backend endpoint or schema path is introduced.
